// Jest Snapshot v1, https://goo.gl/fbAQLP

exports[`<FilterContainer /> renders correctly 1`] = `
Object {
  "asFragment": [Function],
  "baseElement": <body>
    <div>
      <div
        class="filter main"
      >
        <select
          class="filter filter-select"
          name="filter"
        >
          <option
            value="common_name"
          >
            Common Name
          </option>
          <option
            value="year"
          >
            Year
          </option>
          <option
            value="scientific_name"
          >
            Scientific Name
          </option>
          <option
            value="family_common_name"
          >
            Common Family Name
          </option>
          <option
            value="family"
          >
            Family Name
          </option>
        </select>
        <input
          class="filter filter-input"
          placeholder="Filter"
          type="text"
          value=""
        />
        <button
          class="filter filter-button"
          type="button"
        >
          Filter Results
        </button>
      </div>
    </div>
  </body>,
  "container": <div>
    <div
      class="filter main"
    >
      <select
        class="filter filter-select"
        name="filter"
      >
        <option
          value="common_name"
        >
          Common Name
        </option>
        <option
          value="year"
        >
          Year
        </option>
        <option
          value="scientific_name"
        >
          Scientific Name
        </option>
        <option
          value="family_common_name"
        >
          Common Family Name
        </option>
        <option
          value="family"
        >
          Family Name
        </option>
      </select>
      <input
        class="filter filter-input"
        placeholder="Filter"
        type="text"
        value=""
      />
      <button
        class="filter filter-button"
        type="button"
      >
        Filter Results
      </button>
    </div>
  </div>,
  "debug": [Function],
  "findAllByAltText": [Function],
  "findAllByDisplayValue": [Function],
  "findAllByLabelText": [Function],
  "findAllByPlaceholderText": [Function],
  "findAllByRole": [Function],
  "findAllByTestId": [Function],
  "findAllByText": [Function],
  "findAllByTitle": [Function],
  "findByAltText": [Function],
  "findByDisplayValue": [Function],
  "findByLabelText": [Function],
  "findByPlaceholderText": [Function],
  "findByRole": [Function],
  "findByTestId": [Function],
  "findByText": [Function],
  "findByTitle": [Function],
  "getAllByAltText": [Function],
  "getAllByDisplayValue": [Function],
  "getAllByLabelText": [Function],
  "getAllByPlaceholderText": [Function],
  "getAllByRole": [Function],
  "getAllByTestId": [Function],
  "getAllByText": [Function],
  "getAllByTitle": [Function],
  "getByAltText": [Function],
  "getByDisplayValue": [Function],
  "getByLabelText": [Function],
  "getByPlaceholderText": [Function],
  "getByRole": [Function],
  "getByTestId": [Function],
  "getByText": [Function],
  "getByTitle": [Function],
  "queryAllByAltText": [Function],
  "queryAllByDisplayValue": [Function],
  "queryAllByLabelText": [Function],
  "queryAllByPlaceholderText": [Function],
  "queryAllByRole": [Function],
  "queryAllByTestId": [Function],
  "queryAllByText": [Function],
  "queryAllByTitle": [Function],
  "queryByAltText": [Function],
  "queryByDisplayValue": [Function],
  "queryByLabelText": [Function],
  "queryByPlaceholderText": [Function],
  "queryByRole": [Function],
  "queryByTestId": [Function],
  "queryByText": [Function],
  "queryByTitle": [Function],
  "rerender": [Function],
  "unmount": [Function],
}
`;
