// Jest Snapshot v1, https://goo.gl/fbAQLP

exports[`<Filter /> renders correctly 1`] = `
<div
  className="filter main"
>
  <select
    className="filter filter-select"
    name="filter"
    onChange={[MockFunction]}
    value="common_name"
  >
    <option
      value="all"
    >
      All
    </option>
    <option
      value="common_name"
    >
      Common Name
    </option>
  </select>
  <input
    className="filter filter-input"
    onChange={[MockFunction]}
    placeholder="Filter"
    type="text"
    value="ivy"
  />
  <button
    className="filter filter-button"
    onClick={[MockFunction]}
    type="button"
  >
    <img
      alt="Filter results"
      className="filter filter-icon"
      src="filter.svg"
    />
  </button>
</div>
`;
