// Jest Snapshot v1, https://goo.gl/fbAQLP

exports[`<OnePokemon /> renders correctly 1`] = `
<div
  className="one-pokemon main"
>
  <div
    className="one-pokemon logo"
  >
    <a
      className="logo main"
      href="/"
      onClick={[Function]}
    >
      <img
        alt="logo"
        className="logo image"
        src="emptyImage.svg"
      />
      <div
        className="logo title"
      >
        vy
      </div>
    </a>
  </div>
  <div
    className="one-pokemon top-part"
  >
    <div
      className="one-pokemon main-image"
    >
      <img
        alt="pokemon"
        className="one-pokemon top-images"
        onError={[MockFunction]}
        src="www.ozovalihasan.com"
      />
    </div>
    <div
      className="one-pokemon top-description"
    >
      <div
        className="one-pokemon description-part"
      >
        Year:
          
      </div>
      <div
        className="one-pokemon description-part"
      >
        Common Name:
          
        No common name
      </div>
      <div
        className="one-pokemon description-part"
      >
        Scientific Name:
          
        No scientific name
      </div>
      <div
        className="one-pokemon description-part"
      >
        Common Family Name:
          
        No common family name
      </div>
      <div
        className="one-pokemon description-part"
      >
        Family Name:
          
        No family name
      </div>
    </div>
  </div>
  <div
    className="one-pokemon bottom-part"
  >
    <div
      className="one-pokemon one-property"
    >
      <div>
        Fruit
      </div>
      <img
        alt="fruit of undefined"
        className="one-pokemon bottom-images"
        onError={[MockFunction]}
      />
    </div>
    <div
      className="one-pokemon one-property"
    >
      <div>
        Leaf
      </div>
      <img
        alt="Leaf of undefined"
        className="one-pokemon bottom-images"
        onError={[MockFunction]}
      />
    </div>
    <div
      className="one-pokemon one-property"
    >
      <div>
        Flower
      </div>
      <img
        alt="Flower of undefined"
        className="one-pokemon bottom-images"
        onError={[MockFunction]}
      />
    </div>
  </div>
</div>
`;
