// Jest Snapshot v1, https://goo.gl/fbAQLP

exports[`<Search /> renders correctly 1`] = `
<div
  className="search main"
>
  <input
    className="search search-input"
    onChange={[MockFunction]}
    placeholder="Search"
    type="text"
    value="foobar"
  />
  <button
    className="search search-button"
    onClick={[MockFunction]}
    type="button"
  >
    <img
      alt="Search icon to search"
      className="search search-icon"
      src="search.svg"
    />
  </button>
</div>
`;
