// Jest Snapshot v1, https://goo.gl/fbAQLP

exports[`<ToggleFilterSearch /> renders correctly 1`] = `
<div
  className="toggle-filter-search main"
>
  This is a Logo
  <div>
    Shown Container
  </div>
  <button
    className="toggle-filter-search toggle-button"
    onClick={[MockFunction]}
    type="button"
  >
    Filter
  </button>
</div>
`;
